// Vitest Snapshot v1, https://vitest.dev/guide/snapshot.html

exports[`NavBar component > navbar renders correctly 1`] = `
<div>
  <header
    class="header-area "
  >
    <div
      class="container"
    >
      <div
        class="row"
      >
        <div
          class="col-12"
        >
          <nav
            class="main-nav"
          >
            <a
              aria-label="Homepage Link"
              class="navbar-brand"
              href="/"
              style="margin-top: 2rem;"
            >
              <img
                alt="Adoptium Logo"
                style="height: 2.5em;"
              />
            </a>
            <ul
              class="nav"
            >
              <li>
                <a
                  href="/"
                >
                  Home
                </a>
              </li>
              <li>
                <a
                  href="/marketplace"
                >
                  Marketplace
                </a>
              </li>
              <li>
                <a
                  href="/docs"
                >
                  Documentation
                </a>
              </li>
              <li>
                <a
                  href="/docs/faq"
                >
                  FAQ
                </a>
              </li>
              <li
                class="has-sub"
              >
                <a>
                  Projects
                </a>
                <ul
                  class="sub-menu"
                >
                  <li>
                    <a
                      class="dropdown-item"
                      href="/temurin"
                    >
                      Eclipse Temurin
                    </a>
                  </li>
                  <li>
                    <a
                      class="dropdown-item"
                      href="/aqavit"
                    >
                      Eclipse AQAvit
                    </a>
                  </li>
                  <li>
                    <a
                      class="dropdown-item"
                      href="/jmc"
                    >
                      Eclipse Mission Control
                    </a>
                  </li>
                </ul>
              </li>
              <li
                class="has-sub"
              >
                <a>
                  Further Information
                </a>
                <ul
                  class="sub-menu"
                >
                  <li>
                    <a
                      class="dropdown-item"
                      href="/support"
                    >
                      Support
                    </a>
                  </li>
                  <li>
                    <a
                      class="dropdown-item"
                      href="/news"
                    >
                      News & Events
                    </a>
                  </li>
                  <li>
                    <a
                      class="dropdown-item"
                      href="/about"
                    >
                      About
                    </a>
                  </li>
                  <li>
                    <a
                      class="dropdown-item"
                      href="/members"
                    >
                      Members
                    </a>
                  </li>
                  <li>
                    <a
                      class="dropdown-item"
                      href="/sponsors"
                    >
                      Sponsors
                    </a>
                  </li>
                  <li>
                    <a
                      class="dropdown-item"
                      href="/temurin/buttons"
                    >
                      Promote
                    </a>
                  </li>
                  <li>
                    <a
                      class="dropdown-item"
                      href="https://api.adoptium.net"
                    >
                      API
                    </a>
                  </li>
                  <li>
                    <a
                      class="dropdown-item"
                      href="/blog"
                    >
                      Blog
                    </a>
                  </li>
                  <li>
                    <a
                      class="dropdown-item"
                      href="/support-us"
                    >
                      Support Us
                    </a>
                  </li>
                  <li>
                    <a
                      class="dropdown-item"
                      href="https://status.adoptium.net"
                    >
                      Status
                    </a>
                  </li>
                </ul>
              </li>
            </ul>
            <a
              class="menu-trigger"
            >
              <span>
                Menu
              </span>
            </a>
          </nav>
        </div>
      </div>
    </div>
  </header>
</div>
`;
